main <-
    [a-z]
    / [^A-Z]
    / "\n"
    / (. . .)
