main
    <- [0-9A-F]
    / [u-z]
    / [aeiou]
    / [1-9ABa-h]
    / [-\t\n\r&\[-\]]
