main
    <- "a"
    / [bc]
    / [de]
    / "f"
    / [-g]
    / "-"
    / !"A"
    / [^BC]
    / [^DE]
    / !"F"
    / [^-G]
    / !"-"
