X <-
    ("A" . [A-Z]*)+
    / ("A"* "B" / "C"+)+
