X <-
    ("A" . [\s]*)?
    / ("A" . [\s]* / "B")?
