Z <- A1 B1 C1 A2 B2 C2 A3 B3 C3

X <- "X"

A1 <- X X

B1 <- X+ X

C1 <- X+

A2 <- X X+

B2 <- X+ X+

C2 <- X+

A3 <- X+

B3 <- X+

C3 <- X*
