name <-
    <[A-Z] [0-9A-Za-z]*> {
        if (PEEK_KIND (auxil) != KIND_GHOST_INDEX)
            SET_SCOPE(auxil, makeVarlinkTag(auxil, $1, $1s));
    }
