A1 <- X X

B1 <- X+ X

C1 <- X+

A2 <- X X+

B2 <- X+ X+

C2 <- X+

A3 <- X+

B3 <- X+

C3 <- X*
