GRAMMAR
  RULE X
    ALTERNATION
      SEQ
        TERM
          STRING X
      SEQ
        TERM
          STRING Y
      SEQ
        TERM
          STRING Z
