GRAMMAR
  RULE X
    ALTERNATION
      SEQ
        TERM
          REF Y


  RULE Y
    ALTERNATION
      SEQ
        TERM
          STRING Y
