GRAMMAR
  RULE X
    ALTERNATION
      SEQ
        TERM
          STRING A
        TERM
          STRING B
        TERM
          STRING C
