GRAMMAR
  RULE X
    ALTERNATION
      SEQ
        TERM
          STRING double quoted
        TERM
          STRING single quoted
        TERM
          STRING _\n\'\"\\\t
