main <-
    (<[Aa]> { printf("A: %s\n", $1); })
    / (<[Bb]> $2)
    / (<[Cc]> $3 { printf("C: %s\n", $3); })
