main <- ("A" (";" "\n"*)) ("B" (";" "\n"*)) ("C" (";" "\n"*)) ("D" (";" "\n"*)) ("E" (";" "\n"*)) ("F" (";" "\n"*)) ("G" (";" "\n"*)) ("H" (";" "\n"*)) ("I" (";" "\n"*)) ("J" (";" "\n"*))
