X <-
    A
    / B

A <- "x" A*

B <- "y" ("z" B*)*
