main <- "A"

# weirdly indented
# code comment
%%
int main() {
    printf("hello world!\n");
    return 0;
}
