%value "char*"

X <- (A) <B> <C> $2 { printf("B = %s\n", $1) }

A <- "A" { $$ = "a"; }

B <- "B" { $$ = "b"; }

C <- "C" { $$ = "c"; }
