start <- A B

A <- "A"

B <- "B"
X_A <- "X" "_" "A"
X_B <- "X" "_" "B"
