X <- A B C

A <- { action1(); }

B <- "B" { action2; }

C <- "C" { action3 = "abcd"; } "\n"
